Archive member included to satisfy reference by file (symbol)

c:/program files (x86)/atmel/studio/7.0/toolchain/avr8/avr8-gnu-toolchain/bin/../lib/gcc/avr/5.4.0/../../../../avr/lib/avr6\libm.a(fixsfsi.o)
                              TempHumHandler.o (__fixsfsi)
c:/program files (x86)/atmel/studio/7.0/toolchain/avr8/avr8-gnu-toolchain/bin/../lib/gcc/avr/5.4.0/../../../../avr/lib/avr6\libm.a(fixunssfsi.o)
                              TempHumHandler.o (__fixunssfsi)
c:/program files (x86)/atmel/studio/7.0/toolchain/avr8/avr8-gnu-toolchain/bin/../lib/gcc/avr/5.4.0/../../../../avr/lib/avr6\libm.a(fp_split3.o)
                              c:/program files (x86)/atmel/studio/7.0/toolchain/avr8/avr8-gnu-toolchain/bin/../lib/gcc/avr/5.4.0/../../../../avr/lib/avr6\libm.a(fixunssfsi.o) (__fp_splitA)
c:/program files (x86)/atmel/studio/7.0/toolchain/avr8/avr8-gnu-toolchain/bin/../lib/gcc/avr/5.4.0/../../../../avr/lib/avr6\libm.a(fp_zero.o)
                              c:/program files (x86)/atmel/studio/7.0/toolchain/avr8/avr8-gnu-toolchain/bin/../lib/gcc/avr/5.4.0/../../../../avr/lib/avr6\libm.a(fixunssfsi.o) (__fp_zero)
../drivers\libIoTlibrary.a(hih8120.o)
                              main.o (hih8120_initialise)
../drivers\libIoTlibrary.a(lora_driver.o)
                              LoRaWANHandlerImpl.o (lora_driver_flushBuffers)
../drivers\libIoTlibrary.a(lora_driver_utils.o)
                              ../drivers\libIoTlibrary.a(lora_driver.o) (decode_port_no)
../drivers\libIoTlibrary.a(mh_z19.o)
                              main.o (mh_z19_initialise)
../drivers\libIoTlibrary.a(serial.o)
                              ../drivers\libIoTlibrary.a(lora_driver.o) (serial_create)
../drivers\libIoTlibrary.a(stdio_driver.o)
                              main.o (stdio_initialise)
../drivers\libIoTlibrary.a(status_leds.o)
                              main.o (status_leds_initialise)
../drivers\libIoTlibrary.a(twi.o)
                              ../drivers\libIoTlibrary.a(hih8120.o) (twiCreate)
../drivers\libIoTlibrary.a(fifo.o)
                              ../drivers\libIoTlibrary.a(serial.o) (fifo_init)
c:/program files (x86)/atmel/studio/7.0/toolchain/avr8/avr8-gnu-toolchain/bin/../lib/gcc/avr/5.4.0/../../../../avr/lib/avr6\libm.a(addsf3.o)
                              ../drivers\libIoTlibrary.a(hih8120.o) (__subsf3)
c:/program files (x86)/atmel/studio/7.0/toolchain/avr8/avr8-gnu-toolchain/bin/../lib/gcc/avr/5.4.0/../../../../avr/lib/avr6\libm.a(addsf3x.o)
                              c:/program files (x86)/atmel/studio/7.0/toolchain/avr8/avr8-gnu-toolchain/bin/../lib/gcc/avr/5.4.0/../../../../avr/lib/avr6\libm.a(addsf3.o) (__addsf3x)
c:/program files (x86)/atmel/studio/7.0/toolchain/avr8/avr8-gnu-toolchain/bin/../lib/gcc/avr/5.4.0/../../../../avr/lib/avr6\libm.a(divsf3.o)
                              ../drivers\libIoTlibrary.a(hih8120.o) (__divsf3)
c:/program files (x86)/atmel/studio/7.0/toolchain/avr8/avr8-gnu-toolchain/bin/../lib/gcc/avr/5.4.0/../../../../avr/lib/avr6\libm.a(divsf3x.o)
                              c:/program files (x86)/atmel/studio/7.0/toolchain/avr8/avr8-gnu-toolchain/bin/../lib/gcc/avr/5.4.0/../../../../avr/lib/avr6\libm.a(divsf3.o) (__divsf3x)
c:/program files (x86)/atmel/studio/7.0/toolchain/avr8/avr8-gnu-toolchain/bin/../lib/gcc/avr/5.4.0/../../../../avr/lib/avr6\libm.a(floatsisf.o)
                              ../drivers\libIoTlibrary.a(hih8120.o) (__floatunsisf)
c:/program files (x86)/atmel/studio/7.0/toolchain/avr8/avr8-gnu-toolchain/bin/../lib/gcc/avr/5.4.0/../../../../avr/lib/avr6\libm.a(fp_inf.o)
                              c:/program files (x86)/atmel/studio/7.0/toolchain/avr8/avr8-gnu-toolchain/bin/../lib/gcc/avr/5.4.0/../../../../avr/lib/avr6\libm.a(addsf3x.o) (__fp_inf)
c:/program files (x86)/atmel/studio/7.0/toolchain/avr8/avr8-gnu-toolchain/bin/../lib/gcc/avr/5.4.0/../../../../avr/lib/avr6\libm.a(fp_nan.o)
                              c:/program files (x86)/atmel/studio/7.0/toolchain/avr8/avr8-gnu-toolchain/bin/../lib/gcc/avr/5.4.0/../../../../avr/lib/avr6\libm.a(addsf3x.o) (__fp_nan)
c:/program files (x86)/atmel/studio/7.0/toolchain/avr8/avr8-gnu-toolchain/bin/../lib/gcc/avr/5.4.0/../../../../avr/lib/avr6\libm.a(fp_pscA.o)
                              c:/program files (x86)/atmel/studio/7.0/toolchain/avr8/avr8-gnu-toolchain/bin/../lib/gcc/avr/5.4.0/../../../../avr/lib/avr6\libm.a(addsf3x.o) (__fp_pscA)
c:/program files (x86)/atmel/studio/7.0/toolchain/avr8/avr8-gnu-toolchain/bin/../lib/gcc/avr/5.4.0/../../../../avr/lib/avr6\libm.a(fp_pscB.o)
                              c:/program files (x86)/atmel/studio/7.0/toolchain/avr8/avr8-gnu-toolchain/bin/../lib/gcc/avr/5.4.0/../../../../avr/lib/avr6\libm.a(addsf3x.o) (__fp_pscB)
c:/program files (x86)/atmel/studio/7.0/toolchain/avr8/avr8-gnu-toolchain/bin/../lib/gcc/avr/5.4.0/../../../../avr/lib/avr6\libm.a(fp_round.o)
[...]
Memory Configuration

Name             Origin             Length             Attributes
text             0x00000000         0x00040000         xr
data             0x00800200         0x00002000         rw !x
eeprom           0x00810000         0x00001000         rw !x
fuse             0x00820000         0x00000003         rw !x
lock             0x00830000         0x00000400         rw !x
signature        0x00840000         0x00000400         rw !x
user_signatures  0x00850000         0x00000400         rw !x
*default*        0x00000000         0xffffffff

Linker script and memory map

Address of section .data set to 0x800200
LOAD C:/Program Files (x86)/Atmel/Studio/7.0/Packs/atmel/ATmega_DFP/1.6.364/gcc/dev/atmega2560/avr6/crtatmega2560.o
LOAD CO2HandlerImpl.o
LOAD FreeRTOS/FreeRTOSTraceDriver/FreeRTOSTraceDriver.o
LOAD FreeRTOS/src/croutine.o
LOAD FreeRTOS/src/event_groups.o
LOAD FreeRTOS/src/heap_4.o
LOAD FreeRTOS/src/list.o
LOAD FreeRTOS/src/port.o
LOAD FreeRTOS/src/queue.o
LOAD FreeRTOS/src/stream_buffer.o
LOAD FreeRTOS/src/tasks.o
LOAD FreeRTOS/src/timers.o
LOAD FreeRTOS/src/variantHooks.o
LOAD SharedDataQueueImpl.o
LOAD TaskHandlerImpl.o
LOAD TempHumHandler.o
LOAD LoRaWANHandlerImpl.o
LOAD main.o
START GROUP
LOAD c:/program files (x86)/atmel/studio/7.0/toolchain/avr8/avr8-gnu-toolchain/bin/../lib/gcc/avr/5.4.0/../../../../avr/lib/avr6\libm.a
LOAD ../drivers\libIoTlibrary.a
END GROUP
START GROUP
LOAD c:/program files (x86)/atmel/studio/7.0/toolchain/avr8/avr8-gnu-toolchain/bin/../lib/gcc/avr/5.4.0/avr6\libgcc.a
LOAD c:/program files (x86)/atmel/studio/7.0/toolchain/avr8/avr8-gnu-toolchain/bin/../lib/gcc/avr/5.4.0/../../../../avr/lib/avr6\libm.a
LOAD c:/program files (x86)/atmel/studio/7.0/toolchain/avr8/avr8-gnu-toolchain/bin/../lib/gcc/avr/5.4.0/../../../../avr/lib/avr6\libc.a
LOAD C:/Program Files (x86)/Atmel/Studio/7.0/Packs/atmel/ATmega_DFP/1.6.364/gcc/dev/atmega2560/avr6\libatmega2560.a
END GROUP
                0x00000000                __TEXT_REGION_ORIGIN__ = DEFINED (__TEXT_REGION_ORIGIN__)?__TEXT_REGION_ORIGIN__:0x0
                [0x00800200]                __DATA_REGION_ORIGIN__ = DEFINED (__DATA_REGION_ORIGIN__)?__DATA_REGION_ORIGIN__:0x800200
                [0x00040000]                __TEXT_REGION_LENGTH__ = DEFINED (__TEXT_REGION_LENGTH__)?__TEXT_REGION_LENGTH__:0x100000
                [0x00002000]                __DATA_REGION_LENGTH__ = DEFINED (__DATA_REGION_LENGTH__)?__DATA_REGION_LENGTH__:0xfe00
                [0x00001000]                __EEPROM_REGION_LENGTH__ = DEFINED (__EEPROM_REGION_LENGTH__)?__EEPROM_REGION_LENGTH__:0x10000
                [0x00000003]                __FUSE_REGION_LENGTH__ = DEFINED (__FUSE_REGION_LENGTH__)?__FUSE_REGION_LENGTH__:0x400
                0x00000400                __LOCK_REGION_LENGTH__ = DEFINED (__LOCK_REGION_LENGTH__)?__LOCK_REGION_LENGTH__:0x400
                0x00000400                __SIGNATURE_REGION_LENGTH__ = DEFINED (__SIGNATURE_REGION_LENGTH__)?__SIGNATURE_REGION_LENGTH__:0x400
                0x00000400                __USER_SIGNATURE_REGION_LENGTH__ = DEFINED (__USER_SIGNATURE_REGION_LENGTH__)?__USER_SIGNATURE_REGION_LENGTH__:0x400

.hash
 *(.hash)

.dynsym
 *(.dynsym)

.dynstr
 *(.dynstr)

.gnu.version
 *(.gnu.version)

.gnu.version_d
 *(.gnu.version_d)

.gnu.version_r
 *(.gnu.version_r)

.rel.init
 *(.rel.init)

.rela.init
 *(.rela.init)

.rel.text
 *(.rel.text)
 *(.rel.text.*)
 *(.rel.gnu.linkonce.t*)

.rela.text
 *(.rela.text)
 *(.rela.text.*)
 *(.rela.gnu.linkonce.t*)

.rel.fini
 *(.rel.fini)

.rela.fini
 *(.rela.fini)

.rel.rodata
 *(.rel.rodata)
 *(.rel.rodata.*)
 *(.rel.gnu.linkonce.r*)

.rela.rodata
 *(.rela.rodata)
 *(.rela.rodata.*)
 *(.rela.gnu.linkonce.r*)

.rel.data
 *(.rel.data)
 *(.rel.data.*)
 *(.rel.gnu.linkonce.d*)

.rela.data
 *(.rela.data)
 *(.rela.data.*)
 *(.rela.gnu.linkonce.d*)

.rel.ctors
 *(.rel.ctors)

.rela.ctors
 *(.rela.ctors)

.rel.dtors
 *(.rel.dtors)

.rela.dtors
 *(.rela.dtors)

.rel.got
 *(.rel.got)

.rela.got
 *(.rela.got)

.rel.bss
 *(.rel.bss)

.rela.bss
 *(.rela.bss)

.rel.plt
 *(.rel.plt)

.rela.plt
 *(.rela.plt)

.text           0x00000000     0x5dae
 *(.vectors)
 .vectors       0x00000000       0xe4 C:/Program Files (x86)/Atmel/Studio/7.0/Packs/atmel/ATmega_DFP/1.6.364/gcc/dev/atmega2560/avr6/crtatmega2560.o
                0x00000000                __vector_default
                0x00000000                __vectors
 *(.vectors)
 *(.progmem.gcc*)
 .progmem.gcc_sw_table.prvProcessReceivedCommands
                0x000000e4       0x14 FreeRTOS/src/timers.o
 .progmem.gcc_sw_table.__vector_39
                0x000000f8       0xa2 ../drivers\libIoTlibrary.a(twi.o)
                0x0000019a                . = ALIGN (0x2)
                0x0000019a                __trampolines_start = .
 *(.trampolines)
 .trampolines   0x0000019a        0x0 linker stubs
 *(.trampolines*)
                0x0000019a                __trampolines_end = .
 *libprintf_flt.a:*(.progmem.data)
 *libc.a:*(.progmem.data)
 *(.progmem*)
                0x0000019a                . = ALIGN (0x2)
 *(.jumptables)
 *(.jumptables*)
 *(.lowtext)
 .lowtext       0x0000019a       0x14 FreeRTOS/src/tasks.o
 .lowtext       0x000001ae       0x1e FreeRTOS/src/timers.o
 *(.lowtext*)
                0x000001cc                __ctors_start = .
 *(.ctors)
                0x000001cc                __ctors_end = .
                0x000001cc                __dtors_start = .
 *(.dtors)
                0x000001cc                __dtors_end = .
 SORT(*)(.ctors)
 SORT(*)(.dtors)
 *(.init0)
 .init0         0x000001cc        0x0 C:/Program Files (x86)/Atmel/Studio/7.0/Packs/atmel/ATmega_DFP/1.6.364/gcc/dev/atmega2560/avr6/crtatmega2560.o
                0x000001cc                __init
 *(.init0)
 *(.init1)
 *(.init1)
 *(.init2)
 .init2         0x000001cc       0x10 C:/Program Files (x86)/Atmel/Studio/7.0/Packs/atmel/ATmega_DFP/1.6.364/gcc/dev/atmega2560/avr6/crtatmega2560.o
 *(.init2)
 *(.init3)
 *(.init3)
 *(.init4)
 .init4         0x000001dc       0x1a c:/program files (x86)/atmel/studio/7.0/toolchain/avr8/avr8-gnu-toolchain/bin/../lib/gcc/avr/5.4.0/avr6\libgcc.a(_copy_data.o)
                0x000001dc                __do_copy_data
 .init4         0x000001f6       0x10 c:/program files (x86)/atmel/studio/7.0/toolchain/avr8/avr8-gnu-toolchain/bin/../lib/gcc/avr/5.4.0/avr6\libgcc.a(_clear_bss.o)
                0x000001f6                __do_clear_bss
 *(.init4)
 *(.init5)
 *(.init5)
 *(.init6)
 *(.init6)
 *(.init7)
 *(.init7)
 *(.init8)
 *(.init8)
 *(.init9)
 .init9         0x00000206        0x8 C:/Program Files (x86)/Atmel/Studio/7.0/Packs/atmel/ATmega_DFP/1.6.364/gcc/dev/atmega2560/avr6/crtatmega2560.o
 *(.init9)
 *(.text)
 .text          0x0000020e        0x2 C:/Program Files (x86)/Atmel/Studio/7.0/Packs/atmel/ATmega_DFP/1.6.364/gcc/dev/atmega2560/avr6/crtatmega2560.o
                0x0000020e                __vector_38
                0x0000020e                __vector_22
                0x0000020e                __vector_28
                0x0000020e                __vector_1
                0x0000020e                __vector_32
                0x0000020e                __vector_34
                0x0000020e                __vector_24
                0x0000020e                __vector_46
                0x0000020e                __bad_interrupt
                0x0000020e                __vector_6
                0x0000020e                __vector_31
                0x0000020e                __vector_35
                0x0000020e                __vector_3
                0x0000020e                __vector_23
                0x0000020e                __vector_30
                0x0000020e                __vector_45
                0x0000020e                __vector_11
                0x0000020e                __vector_13
                0x0000020e                __vector_17
                0x0000020e                __vector_19
                0x0000020e                __vector_56
                0x0000020e                __vector_7
                0x0000020e                __vector_49
                0x0000020e                __vector_41
                0x0000020e                __vector_43
                0x0000020e                __vector_27
                0x0000020e                __vector_5
                0x0000020e                __vector_33
                0x0000020e                __vector_47
                0x0000020e                __vector_4
                0x0000020e                __vector_44
                0x0000020e                __vector_9
                0x0000020e                __vector_2
                0x0000020e                __vector_21
                0x0000020e                __vector_15
                0x0000020e                __vector_29
                0x0000020e                __vector_40
                0x0000020e                __vector_8
                0x0000020e                __vector_48
                0x0000020e                __vector_14
                0x0000020e                __vector_53
                0x0000020e                __vector_10
                0x0000020e                __vector_50
                0x0000020e                __vector_16
                0x0000020e                __vector_18
                0x0000020e                __vector_20
                0x0000020e                __vector_42
                0x00000210                . = ALIGN (0x2)
 *(.text.*)
 .text.enqueueCO2Measure
                0x00000210       0x36 CO2HandlerImpl.o
                0x00000210                enqueueCO2Measure
 .text.initializeCO2Queue
                0x00000246       0x12 CO2HandlerImpl.o
                0x00000246                initializeCO2Queue
 .text.co2Measure
                0x00000258       0x1c CO2HandlerImpl.o
                0x00000258                co2Measure
 .text.dequeueCO2Measure
                0x00000274       0x32 CO2HandlerImpl.o
                0x00000274                dequeueCO2Measure
 .text.prvHeapInit
                0x000002a6       0x52 FreeRTOS/src/heap_4.o
 .text.prvInsertBlockIntoFreeList
                0x000002f8       0x94 FreeRTOS/src/heap_4.o
 .text.pvPortMalloc
                0x0000038c      0x152 FreeRTOS/src/heap_4.o
                0x0000038c                pvPortMalloc
 .text.vPortFree
                0x000004de       0x7a FreeRTOS/src/heap_4.o
                0x000004de                vPortFree
 .text.vListInitialise
                0x00000558       0x22 FreeRTOS/src/list.o
                0x00000558                vListInitialise
 .text.vListInitialiseItem
                0x0000057a        0x8 FreeRTOS/src/list.o
                0x0000057a                vListInitialiseItem
 .text.vListInsert
                0x00000582       0x7a FreeRTOS/src/list.o
                0x00000582                vListInsert
 .text.uxListRemove
                0x000005fc       0x4e FreeRTOS/src/list.o
                0x000005fc                uxListRemove
 .text.prvSetupTimerInterrupt
                0x0000064a       0x18 FreeRTOS/src/port.o
 .text.pxPortInitialiseStack
                0x00000662       0x2e FreeRTOS/src/port.o
                0x00000662                pxPortInitialiseStack
 .text.xPortStartScheduler
                0x00000690       0x64 FreeRTOS/src/port.o
                0x00000690                xPortStartScheduler
 .text.vPortYield
                0x000006f4       0xc2 FreeRTOS/src/port.o
                0x000006f4                vPortYield
 .text.vPortYieldFromTick
                0x000007b6       0xca FreeRTOS/src/port.o
                0x000007b6                vPortYieldFromTick
 .text.__vector_12
                0x00000880        0x4 FreeRTOS/src/port.o
                0x00000880                __vector_12
 .text.prvIsQueueEmpty
                0x00000884       0x1a FreeRTOS/src/queue.o
 .text.prvIsQueueFull
                0x0000089e       0x1c FreeRTOS/src/queue.o
 .text.prvCopyDataToQueue
                0x000008ba       0xbe FreeRTOS/src/queue.o
 .text.prvCopyDataFromQueue
                0x00000978       0x34 FreeRTOS/src/queue.o
 .text.prvUnlockQueue
                0x000009ac       0x68 FreeRTOS/src/queue.o
 .text.xQueueGenericReset
                0x00000a14       0x86 FreeRTOS/src/queue.o
                0x00000a14                xQueueGenericReset
 .text.prvInitialiseNewQueue
                0x00000a9a       0x24 FreeRTOS/src/queue.o
 .text.xQueueGenericCreate
                0x00000abe       0x46 FreeRTOS/src/queue.o
                0x00000abe                xQueueGenericCreate
 .text.xQueueGenericSend
                0x00000b04      0x120 FreeRTOS/src/queue.o
                0x00000b04                xQueueGenericSend
 .text.xQueueGenericSendFromISR
                0x00000c24       0x76 FreeRTOS/src/queue.o
                0x00000c24                xQueueGenericSendFromISR
 .text.xQueueReceive
                0x00000c9a      0x11e FreeRTOS/src/queue.o
                0x00000c9a                xQueueReceive
 .text.vQueueWaitForMessageRestricted
                0x00000db8       0x38 FreeRTOS/src/queue.o
                0x00000db8                vQueueWaitForMessageRestricted
 .text.prvBytesInBuffer
                0x00000df0       0x26 FreeRTOS/src/stream_buffer.o
 .text.prvInitialiseNewStreamBuffer
                0x00000e16       0x20 FreeRTOS/src/stream_buffer.o
 .text.prvWriteBytesToBuffer
                0x00000e36       0x92 FreeRTOS/src/stream_buffer.o
 .text.prvWriteMessageToBuffer
                0x00000ec8       0x86 FreeRTOS/src/stream_buffer.o
 .text.prvReadBytesFromBuffer
                0x00000f4e       0x9e FreeRTOS/src/stream_buffer.o
 .text.prvReadMessageFromBuffer
                0x00000fec       0x8a FreeRTOS/src/stream_buffer.o
 .text.xStreamBufferGenericCreate
                0x00001076       0x64 FreeRTOS/src/stream_buffer.o
                0x00001076                xStreamBufferGenericCreate
 .text.xStreamBufferReset
                0x000010da       0x3c FreeRTOS/src/stream_buffer.o
                0x000010da                xStreamBufferReset
 .text.xStreamBufferSpacesAvailable
                0x00001116       0x24 FreeRTOS/src/stream_buffer.o
                0x00001116                xStreamBufferSpacesAvailable
 .text.xStreamBufferSend
                0x0000113a      0x186 FreeRTOS/src/stream_buffer.o
                0x0000113a                xStreamBufferSend
 .text.xStreamBufferSendFromISR
                0x000012c0       0x88 FreeRTOS/src/stream_buffer.o
                0x000012c0                xStreamBufferSendFromISR
 .text.xStreamBufferReceive
                0x00001348      0x102 FreeRTOS/src/stream_buffer.o
                0x00001348                xStreamBufferReceive
 .text.prvResetNextTaskUnblockTime
                0x0000144a       0x4e FreeRTOS/src/tasks.o
 .text.prvDeleteTCB
                0x00001498       0x16 FreeRTOS/src/tasks.o
 .text.prvInitialiseNewTask
                0x000014ae       0xf6 FreeRTOS/src/tasks.o
 .text.prvInitialiseTaskLists
                0x000015a4       0x60 FreeRTOS/src/tasks.o
 .text.prvAddNewTaskToReadyList
                0x00001604       0xdc FreeRTOS/src/tasks.o
 .text.prvCheckTasksWaitingTermination
                0x000016e0       0x4a FreeRTOS/src/tasks.o
 .text.prvAddCurrentTaskToDelayedList
                0x0000172a      0x144 FreeRTOS/src/tasks.o
 .text.xTaskCreate
                0x0000186e       0x98 FreeRTOS/src/tasks.o
                0x0000186e                xTaskCreate
 .text.vTaskStartScheduler
                0x00001906       0x70 FreeRTOS/src/tasks.o
                0x00001906                vTaskStartScheduler
 .text.vTaskSuspendAll
                0x00001976        0xc FreeRTOS/src/tasks.o
                0x00001976                vTaskSuspendAll
 .text.xTaskGetTickCount
                0x00001982       0x1c FreeRTOS/src/tasks.o
                0x00001982                xTaskGetTickCount
 .text.xTaskIncrementTick
                0x0000199e      0x258 FreeRTOS/src/tasks.o
                0x0000199e                xTaskIncrementTick
 .text.xTaskResumeAll
                0x00001bf6      0x1b8 FreeRTOS/src/tasks.o
                0x00001bf6                xTaskResumeAll
 .text.xTaskDelayUntil
                0x00001dae       0xca FreeRTOS/src/tasks.o
                0x00001dae                xTaskDelayUntil
 .text.vTaskDelay
                0x00001e78       0x36 FreeRTOS/src/tasks.o
                0x00001e78                vTaskDelay
 .text.vTaskSwitchContext
                0x00001eae       0xca FreeRTOS/src/tasks.o
                0x00001eae                vTaskSwitchContext
 .text.vTaskPlaceOnEventList
                0x00001f78       0x2e FreeRTOS/src/tasks.o
                0x00001f78                vTaskPlaceOnEventList
 .text.vTaskPlaceOnEventListRestricted
                0x00001fa6       0x84 FreeRTOS/src/tasks.o
                0x00001fa6                vTaskPlaceOnEventListRestricted
 .text.xTaskRemoveFromEventList
                0x0000202a      0x15e FreeRTOS/src/tasks.o
                0x0000202a                xTaskRemoveFromEventList
 .text.vTaskSetTimeOutState
                0x00002188       0x2c FreeRTOS/src/tasks.o
                0x00002188                vTaskSetTimeOutState
 .text.vTaskInternalSetTimeOutState
                0x000021b4       0x22 FreeRTOS/src/tasks.o
                0x000021b4                vTaskInternalSetTimeOutState
 .text.xTaskCheckForTimeOut
                0x000021d6       0xcc FreeRTOS/src/tasks.o
                0x000021d6                xTaskCheckForTimeOut
 .text.vTaskMissedYield
                0x000022a2        0x8 FreeRTOS/src/tasks.o
                0x000022a2                vTaskMissedYield
 .text.xTaskGetCurrentTaskHandle
                0x000022aa        0xa FreeRTOS/src/tasks.o
                0x000022aa                xTaskGetCurrentTaskHandle
 .text.xTaskGetSchedulerState
                0x000022b4       0x1c FreeRTOS/src/tasks.o
                0x000022b4                xTaskGetSchedulerState
 .text.xTaskPriorityDisinherit
                0x000022d0       0xb6 FreeRTOS/src/tasks.o
                0x000022d0                xTaskPriorityDisinherit
 .text.xTaskGenericNotifyWait
                0x00002386      0x14e FreeRTOS/src/tasks.o
                0x00002386                xTaskGenericNotifyWait
 .text.xTaskGenericNotify
                0x000024d4      0x1ee FreeRTOS/src/tasks.o
                0x000024d4                xTaskGenericNotify
 .text.xTaskGenericNotifyFromISR
                0x000026c2      0x244 FreeRTOS/src/tasks.o
                0x000026c2                xTaskGenericNotifyFromISR
 .text.xTaskGenericNotifyStateClear
                0x00002906       0x34 FreeRTOS/src/tasks.o
                0x00002906                xTaskGenericNotifyStateClear
 .text.prvGetNextExpireTime
                0x0000293a       0x30 FreeRTOS/src/timers.o
 .text.prvInsertTimerInActiveList
                0x0000296a       0x92 FreeRTOS/src/timers.o
 .text.prvCheckForValidListAndQueue
                0x000029fc       0x52 FreeRTOS/src/timers.o
 .text.xTimerCreateTimerTask
                0x00002a4e       0x42 FreeRTOS/src/timers.o
                0x00002a4e                xTimerCreateTimerTask
 .text.xTimerGenericCommand
                0x00002a90       0xbc FreeRTOS/src/timers.o
                0x00002a90                xTimerGenericCommand
 .text.prvSwitchTimerLists
                0x00002b4c       0xd0 FreeRTOS/src/timers.o
 .text.prvSampleTimeNow
                0x00002c1c       0x5c FreeRTOS/src/timers.o
 .text.prvProcessExpiredTimer
                0x00002c78       0xac FreeRTOS/src/timers.o
 .text.prvProcessTimerOrBlockTask
                0x00002d24       0xae FreeRTOS/src/timers.o
 .text.prvProcessReceivedCommands
                0x00002dd2      0x168 FreeRTOS/src/timers.o
 .text.vApplicationIdleHook
                0x00002f3a        0x2 FreeRTOS/src/variantHooks.o
                0x00002f3a                vApplicationIdleHook
 .text.prvSetMainLedOn
                0x00002f3c        0xe FreeRTOS/src/variantHooks.o
                0x00002f3c                prvSetMainLedOn
 .text.prvBlinkMainLed
                0x00002f4a        0x8 FreeRTOS/src/variantHooks.o
                0x00002f4a                prvBlinkMainLed
 .text.vApplicationMallocFailedHook
                0x00002f52       0x18 FreeRTOS/src/variantHooks.o
                0x00002f52                vApplicationMallocFailedHook
 .text.vApplicationStackOverflowHook
                0x00002f6a       0x18 FreeRTOS/src/variantHooks.o
                0x00002f6a                vApplicationStackOverflowHook
 .text.initializeSharedDataQueue
                0x00002f82       0x14 SharedDataQueueImpl.o
                0x00002f82                initializeSharedDataQueue
 .text.enqueueSharedData
                0x00002f96       0xba SharedDataQueueImpl.o
                0x00002f96                enqueueSharedData
 .text.dequeueSharedData
                0x00003050       0x1e SharedDataQueueImpl.o
                0x00003050                dequeueSharedData
 .text.taskMeasureCO2
                0x0000306e       0x30 TaskHandlerImpl.o
                0x0000306e                taskMeasureCO2
 .text.queueCO2
                0x0000309e       0x2c TaskHandlerImpl.o
                0x0000309e                queueCO2
 .text.dequeueCO2
                0x000030ca       0x80 TaskHandlerImpl.o
                0x000030ca                dequeueCO2
 .text.setupTasks
                0x0000314a       0x50 TaskHandlerImpl.o
                0x0000314a                setupTasks
 .text.startTasks
                0x0000319a        0x8 TaskHandlerImpl.o
                0x0000319a                startTasks
 .text.initializeTempHumQueues
                0x000031a2       0x26 TempHumHandler.o
                0x000031a2                initializeTempHumQueues
 .text.enqueueTemperature
                0x000031c8       0x38 TempHumHandler.o
                0x000031c8                enqueueTemperature
 .text.enqueueHumidity
                0x00003200       0x38 TempHumHandler.o
                0x00003200                enqueueHumidity
 .text.tempHumMeasure
                0x00003238       0xa8 TempHumHandler.o
                0x00003238                tempHumMeasure
 .text.dequeueTempMeasure
                0x000032e0       0x34 TempHumHandler.o
                0x000032e0                dequeueTempMeasure
 .text.dequeueHumidityMeasure
                0x00003314       0x34 TempHumHandler.o
                0x00003314                dequeueHumidityMeasure
 .text._lora_setup
                0x00003348      0x190 LoRaWANHandlerImpl.o
 .text.lora_handler_task
                0x000034d8       0x8a LoRaWANHandlerImpl.o
                0x000034d8                lora_handler_task
 .text.lora_handler_initialise
                0x00003562       0x28 LoRaWANHandlerImpl.o
                0x00003562                lora_handler_initialise
 .text.initialiseSystem
                0x0000358a       0x46 main.o
                0x0000358a                initialiseSystem
 .text.main     0x000035d0        0xe main.o
                0x000035d0                main
 .text.avr-libc.fplib
                0x000035de        0xa c:/program files (x86)/atmel/studio/7.0/toolchain/avr8/avr8-gnu-toolchain/bin/../lib/gcc/avr/5.4.0/../../../../avr/lib/avr6\libm.a(fixsfsi.o)
                0x000035de                __fixsfsi
 .text.avr-libc.fplib
                0x000035e8       0x58 c:/program files (x86)/atmel/studio/7.0/toolchain/avr8/avr8-gnu-toolchain/bin/../lib/gcc/avr/5.4.0/../../../../avr/lib/avr6\libm.a(fixunssfsi.o)
                0x000035e8                __fixunssfsi
 .text.avr-libc.fplib
                0x00003640       0x44 c:/program files (x86)/atmel/studio/7.0/toolchain/avr8/avr8-gnu-toolchain/bin/../lib/gcc/avr/5.4.0/../../../../avr/lib/avr6\libm.a(fp_split3.o)
                0x00003640                __fp_split3
                0x00003650                __fp_splitA
 .text.avr-libc.fplib
                0x00003684        0xe c:/program files (x86)/atmel/studio/7.0/toolchain/avr8/avr8-gnu-toolchain/bin/../lib/gcc/avr/5.4.0/../../../../avr/lib/avr6\libm.a(fp_zero.o)
                0x00003684                __fp_zero
                0x00003686                __fp_szero
 .text._hihTwiCallback
                0x00003692       0x5a ../drivers\libIoTlibrary.a(hih8120.o)
 .text.hih8120_initialise
                0x000036ec       0x30 ../drivers\libIoTlibrary.a(hih8120.o)
                0x000036ec                hih8120_initialise
 .text.hih8120_wakeup
                0x0000371c       0x2a ../drivers\libIoTlibrary.a(hih8120.o)
                0x0000371c                hih8120_wakeup
 .text.hih8120_measure
                0x00003746       0x22 ../drivers\libIoTlibrary.a(hih8120.o)
                0x00003746                hih8120_measure
 .text.hih8120_getHumidity
                0x00003768       0x2a ../drivers\libIoTlibrary.a(hih8120.o)
                0x00003768                hih8120_getHumidity
 .text.hih8120_getTemperature
                0x00003792       0x36 ../drivers\libIoTlibrary.a(hih8120.o)
                0x00003792                hih8120_getTemperature
 .text._serialCallBack
                0x000037c8       0x8c ../drivers\libIoTlibrary.a(lora_driver.o)
 .text._uploadMessage
                0x00003854       0xb4 ../drivers\libIoTlibrary.a(lora_driver.o)
 .text._reply2ReturnCode
                0x00003908       0xea ../drivers\libIoTlibrary.a(lora_driver.o)
 .text._uploadMessageRc
                0x000039f2        0x6 ../drivers\libIoTlibrary.a(lora_driver.o)
 .text.lora_driver_flushBuffers
                0x000039f8        0xe ../drivers\libIoTlibrary.a(lora_driver.o)
                0x000039f8                lora_driver_flushBuffers
 .text.lora_driver_initialise
                0x00003a06       0x80 ../drivers\libIoTlibrary.a(lora_driver.o)
                0x00003a06                lora_driver_initialise
 .text.lora_driver_resetRn2483
                0x00003a86       0x1c ../drivers\libIoTlibrary.a(lora_driver.o)
                0x00003a86                lora_driver_resetRn2483
 .text.lora_driver_rn2483FactoryReset
                0x00003aa2       0x24 ../drivers\libIoTlibrary.a(lora_driver.o)
                0x00003aa2                lora_driver_rn2483FactoryReset
 .text.lora_driver_getRn2483Hweui
                0x00003ac6       0x38 ../drivers\libIoTlibrary.a(lora_driver.o)
                0x00003ac6                lora_driver_getRn2483Hweui
 .text.lora_driver_setDeviceIdentifier
                0x00003afe       0x22 ../drivers\libIoTlibrary.a(lora_driver.o)
                0x00003afe                lora_driver_setDeviceIdentifier
 .text.lora_driver_setApplicationIdentifier
                0x00003b20       0x22 ../drivers\libIoTlibrary.a(lora_driver.o)
                0x00003b20                lora_driver_setApplicationIdentifier
 .text.lora_driver_setApplicationKey
                0x00003b42       0x22 ../drivers\libIoTlibrary.a(lora_driver.o)
                0x00003b42                lora_driver_setApplicationKey
 .text.lora_driver_saveMac
                0x00003b64        0xc ../drivers\libIoTlibrary.a(lora_driver.o)
                0x00003b64                lora_driver_saveMac
 .text.lora_driver_join
                0x00003b70       0x52 ../drivers\libIoTlibrary.a(lora_driver.o)
                0x00003b70                lora_driver_join
 .text.lora_driver_sendUploadMessage
                0x00003bc2      0x196 ../drivers\libIoTlibrary.a(lora_driver.o)
                0x00003bc2                lora_driver_sendUploadMessage
 .text.lora_driver_setAdaptiveDataRate
                0x00003d58       0x16 ../drivers\libIoTlibrary.a(lora_driver.o)
                0x00003d58                lora_driver_setAdaptiveDataRate
 .text.lora_driver_setReceiveDelay
                0x00003d6e       0x30 ../drivers\libIoTlibrary.a(lora_driver.o)
                0x00003d6e                lora_driver_setReceiveDelay
 .text.lora_driver_configureToEu868
                0x00003d9e      0x1bc ../drivers\libIoTlibrary.a(lora_driver.o)
                0x00003d9e                lora_driver_configureToEu868
 .text.lora_driver_setOtaaIdentity
                0x00003f5a       0x42 ../drivers\libIoTlibrary.a(lora_driver.o)
                0x00003f5a                lora_driver_setOtaaIdentity
 .text.lora_driver_mapReturnCodeToText
                0x00003f9c       0x18 ../drivers\libIoTlibrary.a(lora_driver.o)
                0x00003f9c                lora_driver_mapReturnCodeToText
 .text.decode_port_no
                0x00003fb4       0x58 ../drivers\libIoTlibrary.a(lora_driver_utils.o)
                0x00003fb4                decode_port_no
 .text.decode_hexadecimal_string_bytes
                0x0000400c       0x92 ../drivers\libIoTlibrary.a(lora_driver_utils.o)
                0x0000400c                decode_hexadecimal_string_bytes
 .text._serialCallBack
                0x0000409e       0xb6 ../drivers\libIoTlibrary.a(mh_z19.o)
 .text.mh_z19_initialise
                0x00004154       0x4a ../drivers\libIoTlibrary.a(mh_z19.o)
                0x00004154                mh_z19_initialise
 .text.mh_z19_injectCallBack
                0x0000419e        0xa ../drivers\libIoTlibrary.a(mh_z19.o)
                0x0000419e                mh_z19_injectCallBack
 .text.mh_z19_takeMeassuring
                0x000041a8       0x5e ../drivers\libIoTlibrary.a(mh_z19.o)
                0x000041a8                mh_z19_takeMeassuring
 .text.serial_create
                0x00004206      0x144 ../drivers\libIoTlibrary.a(serial.o)
                0x00004206                serial_create
 .text.serial_sendByte
                0x0000434a       0x56 ../drivers\libIoTlibrary.a(serial.o)
                0x0000434a                serial_sendByte
 .text.serial_sendBytes
                0x000043a0       0xaa ../drivers\libIoTlibrary.a(serial.o)
                0x000043a0                serial_sendBytes
 .text.serial_getByte
                0x0000444a       0x40 ../drivers\libIoTlibrary.a(serial.o)
                0x0000444a                serial_getByte
 .text.__vector_25
                0x0000448a       0xa4 ../drivers\libIoTlibrary.a(serial.o)
                0x0000448a                __vector_25
 .text.__vector_26
                0x0000452e       0x88 ../drivers\libIoTlibrary.a(serial.o)
                0x0000452e                __vector_26
 .text.__vector_36
                0x000045b6       0xa4 ../drivers\libIoTlibrary.a(serial.o)
                0x000045b6                __vector_36
 .text.__vector_37
                0x0000465a       0x88 ../drivers\libIoTlibrary.a(serial.o)
                0x0000465a                __vector_37
 .text.__vector_51
                0x000046e2       0xa4 ../drivers\libIoTlibrary.a(serial.o)
                0x000046e2                __vector_51
 .text.__vector_52
                0x00004786       0x88 ../drivers\libIoTlibrary.a(serial.o)
                0x00004786                __vector_52
 .text.__vector_54
                0x0000480e       0xa4 ../drivers\libIoTlibrary.a(serial.o)
                0x0000480e                __vector_54
 .text.__vector_55
                0x000048b2       0x88 ../drivers\libIoTlibrary.a(serial.o)
                0x000048b2                __vector_55
 .text.usart_getchar
                0x0000493a       0x2a ../drivers\libIoTlibrary.a(stdio_driver.o)
 .text.usart_putchar
                0x00004964       0x12 ../drivers\libIoTlibrary.a(stdio_driver.o)
 .text.stdio_initialise
                0x00004976       0x52 ../drivers\libIoTlibrary.a(stdio_driver.o)
                0x00004976                stdio_initialise
 .text._turn_off
                0x000049c8       0x98 ../drivers\libIoTlibrary.a(status_leds.o)
 .text._turn_on
                0x00004a60       0x98 ../drivers\libIoTlibrary.a(status_leds.o)
 .text._hal_led_task
                0x00004af8       0x8c ../drivers\libIoTlibrary.a(status_leds.o)
 .text.status_leds_initialise
                0x00004b84       0x9c ../drivers\libIoTlibrary.a(status_leds.o)
                0x00004b84                status_leds_initialise
 .text.status_leds_slowBlink
                0x00004c20       0x46 ../drivers\libIoTlibrary.a(status_leds.o)
                0x00004c20                status_leds_slowBlink
 .text.status_leds_fastBlink
                0x00004c66       0x46 ../drivers\libIoTlibrary.a(status_leds.o)
                0x00004c66                status_leds_fastBlink
 .text.status_leds_ledOn
                0x00004cac       0x1e ../drivers\libIoTlibrary.a(status_leds.o)
                0x00004cac                status_leds_ledOn
 .text.status_leds_ledOff
                0x00004cca       0x1e ../drivers\libIoTlibrary.a(status_leds.o)
                0x00004cca                status_leds_ledOff
 .text.status_leds_longPuls
                0x00004ce8       0x24 ../drivers\libIoTlibrary.a(status_leds.o)
                0x00004ce8                status_leds_longPuls
 .text.status_leds_shortPuls
                0x00004d0c       0x24 ../drivers\libIoTlibrary.a(status_leds.o)
                0x00004d0c                status_leds_shortPuls
 .text._initTwiInterface
                0x00004d30       0x22 ../drivers\libIoTlibrary.a(twi.o)
 .text.twiCreate
                0x00004d52       0x9a ../drivers\libIoTlibrary.a(twi.o)
                0x00004d52                twiCreate
 .text.twiIsBusy
                0x00004dec        0x8 ../drivers\libIoTlibrary.a(twi.o)
                0x00004dec                twiIsBusy
 .text.twiTransmit
                0x00004df4       0x98 ../drivers\libIoTlibrary.a(twi.o)
                0x00004df4                twiTransmit
 .text.twiReceive
                0x00004e8c       0x66 ../drivers\libIoTlibrary.a(twi.o)
                0x00004e8c                twiReceive
 .text.__vector_39
                0x00004ef2      0x17a ../drivers\libIoTlibrary.a(twi.o)
                0x00004ef2                __vector_39
 .text.fifo_init
                0x0000506c       0x38 ../drivers\libIoTlibrary.a(fifo.o)
                0x0000506c                fifo_init
 .text.avr-libc.fplib
                0x000050a4        0xa c:/program files (x86)/atmel/studio/7.0/toolchain/avr8/avr8-gnu-toolchain/bin/../lib/gcc/avr/5.4.0/../../../../avr/lib/avr6\libm.a(addsf3.o)
                0x000050a4                __subsf3
                0x000050a6                __addsf3
 .text.avr-libc.fplib
                0x000050ae       0xc4 c:/program files (x86)/atmel/studio/7.0/toolchain/avr8/avr8-gnu-toolchain/bin/../lib/gcc/avr/5.4.0/../../../../avr/lib/avr6\libm.a(addsf3x.o)
                0x000050c8                __addsf3x
 .text.avr-libc.fplib
                0x00005172        0x4 c:/program files (x86)/atmel/studio/7.0/toolchain/avr8/avr8-gnu-toolchain/bin/../lib/gcc/avr/5.4.0/../../../../avr/lib/avr6\libm.a(divsf3.o)
                0x00005172                __divsf3
 .text.avr-libc.fplib
                0x00005176       0xd2 c:/program files (x86)/atmel/studio/7.0/toolchain/avr8/avr8-gnu-toolchain/bin/../lib/gcc/avr/5.4.0/../../../../avr/lib/avr6\libm.a(divsf3x.o)
                0x0000518e                __divsf3x
                0x00005194                __divsf3_pse
 .text.avr-libc.fplib
                0x00005248       0x7a c:/program files (x86)/atmel/studio/7.0/toolchain/avr8/avr8-gnu-toolchain/bin/../lib/gcc/avr/5.4.0/../../../../avr/lib/avr6\libm.a(floatsisf.o)
                0x00005248                __floatunsisf
                0x0000524c                __floatsisf
 .text.avr-libc.fplib
                0x000052c2        0xc c:/program files (x86)/atmel/studio/7.0/toolchain/avr8/avr8-gnu-toolchain/bin/../lib/gcc/avr/5.4.0/../../../../avr/lib/avr6\libm.a(fp_inf.o)
                0x000052c2                __fp_inf
 .text.avr-libc.fplib
                0x000052ce        0x6 c:/program files (x86)/atmel/studio/7.0/toolchain/avr8/avr8-gnu-toolchain/bin/../lib/gcc/avr/5.4.0/../../../../avr/lib/avr6\libm.a(fp_nan.o)
                0x000052ce                __fp_nan
 .text.avr-libc.fplib
                0x000052d4        0xe c:/program files (x86)/atmel/studio/7.0/toolchain/avr8/avr8-gnu-toolchain/bin/../lib/gcc/avr/5.4.0/../../../../avr/lib/avr6\libm.a(fp_pscA.o)
                0x000052d4                __fp_pscA
 .text.avr-libc.fplib
                0x000052e2        0xe c:/program files (x86)/atmel/studio/7.0/toolchain/avr8/avr8-gnu-toolchain/bin/../lib/gcc/avr/5.4.0/../../../../avr/lib/avr6\libm.a(fp_pscB.o)
                0x000052e2                __fp_pscB
 .text.avr-libc.fplib
                0x000052f0       0x22 c:/program files (x86)/atmel/studio/7.0/toolchain/avr8/avr8-gnu-toolchain/bin/../lib/gcc/avr/5.4.0/../../../../avr/lib/avr6\libm.a(fp_round.o)
                0x000052f0                __fp_round
 .text.avr-libc.fplib
                0x00005312        0x4 c:/program files (x86)/atmel/studio/7.0/toolchain/avr8/avr8-gnu-toolchain/bin/../lib/gcc/avr/5.4.0/../../../../avr/lib/avr6\libm.a(mulsf3.o)
                0x00005312                __mulsf3
 .text.avr-libc.fplib
                0x00005316       0xc8 c:/program files (x86)/atmel/studio/7.0/toolchain/avr8/avr8-gnu-toolchain/bin/../lib/gcc/avr/5.4.0/../../../../avr/lib/avr6\libm.a(mulsf3x.o)
                0x0000532c                __mulsf3x
                0x00005332                __mulsf3_pse
 .text.libgcc.div
                0x000053de       0x44 c:/program files (x86)/atmel/studio/7.0/toolchain/avr8/avr8-gnu-toolchain/bin/../lib/gcc/avr/5.4.0/avr6\libgcc.a(_udivmodsi4.o)
                0x000053de                __udivmodsi4
 .text.libgcc   0x00005422       0x10 c:/program files (x86)/atmel/studio/7.0/toolchain/avr8/avr8-gnu-toolchain/bin/../lib/gcc/avr/5.4.0/avr6\libgcc.a(_tablejump2.o)
                0x00005422                __tablejump2__
 .text.avr-libc
                0x00005432       0x34 c:/program files (x86)/atmel/studio/7.0/toolchain/avr8/avr8-gnu-toolchain/bin/../lib/gcc/avr/5.4.0/../../../../avr/lib/avr6\libc.a(calloc.o)
                0x00005432                calloc
 .text.avr-libc
                0x00005466      0x242 c:/program files (x86)/atmel/studio/7.0/toolchain/avr8/avr8-gnu-toolchain/bin/../lib/gcc/avr/5.4.0/../../../../avr/lib/avr6\libc.a(malloc.o)
                0x00005466                malloc
                0x00005596                free
 .text.avr-libc
                0x000056a8        0x8 c:/program files (x86)/atmel/studio/7.0/toolchain/avr8/avr8-gnu-toolchain/bin/../lib/gcc/avr/5.4.0/../../../../avr/lib/avr6\libc.a(abort.o)
                0x000056a8                abort
 .text.avr-libc
                0x000056b0       0x12 c:/program files (x86)/atmel/studio/7.0/toolchain/avr8/avr8-gnu-toolchain/bin/../lib/gcc/avr/5.4.0/../../../../avr/lib/avr6\libc.a(memcpy.o)
                0x000056b0                memcpy
 .text.avr-libc
                0x000056c2        0xe c:/program files (x86)/atmel/studio/7.0/toolchain/avr8/avr8-gnu-toolchain/bin/../lib/gcc/avr/5.4.0/../../../../avr/lib/avr6\libc.a(memset.o)
                0x000056c2                memset
 .text.avr-libc
                0x000056d0       0x4a c:/program files (x86)/atmel/studio/7.0/toolchain/avr8/avr8-gnu-toolchain/bin/../lib/gcc/avr/5.4.0/../../../../avr/lib/avr6\libc.a(strcasestr.o)
                0x000056d0                strcasestr
 .text.avr-libc
                0x0000571a       0x16 c:/program files (x86)/atmel/studio/7.0/toolchain/avr8/avr8-gnu-toolchain/bin/../lib/gcc/avr/5.4.0/../../../../avr/lib/avr6\libc.a(strcat.o)
                0x0000571a                strcat
 .text.avr-libc
                0x00005730        0xe c:/program files (x86)/atmel/studio/7.0/toolchain/avr8/avr8-gnu-toolchain/bin/../lib/gcc/avr/5.4.0/../../../../avr/lib/avr6\libc.a(strcpy.o)
                0x00005730                strcpy
 .text.avr-libc
                0x0000573e       0x30 c:/program files (x86)/atmel/studio/7.0/toolchain/avr8/avr8-gnu-toolchain/bin/../lib/gcc/avr/5.4.0/../../../../avr/lib/avr6\libc.a(strncasecmp.o)
                0x0000573e                strncasecmp
 .text.avr-libc
                0x0000576e       0x26 c:/program files (x86)/atmel/studio/7.0/toolchain/avr8/avr8-gnu-toolchain/bin/../lib/gcc/avr/5.4.0/../../../../avr/lib/avr6\libc.a(printf.o)
                0x0000576e                printf
 .text.avr-libc
                0x00005794       0x60 c:/program files (x86)/atmel/studio/7.0/toolchain/avr8/avr8-gnu-toolchain/bin/../lib/gcc/avr/5.4.0/../../../../avr/lib/avr6\libc.a(puts.o)
                0x00005794                puts
 .text.avr-libc
                0x000057f4       0x5c c:/program files (x86)/atmel/studio/7.0/toolchain/avr8/avr8-gnu-toolchain/bin/../lib/gcc/avr/5.4.0/../../../../avr/lib/avr6\libc.a(sprintf.o)
                0x000057f4                sprintf
 .text.avr-libc
                0x00005850      0x3fa c:/program files (x86)/atmel/studio/7.0/toolchain/avr8/avr8-gnu-toolchain/bin/../lib/gcc/avr/5.4.0/../../../../avr/lib/avr6\libc.a(vfprintf_std.o)
                0x00005850                vfprintf
 .text.avr-libc
                0x00005c4a       0x16 c:/program files (x86)/atmel/studio/7.0/toolchain/avr8/avr8-gnu-toolchain/bin/../lib/gcc/avr/5.4.0/../../../../avr/lib/avr6\libc.a(strnlen_P.o)
                0x00005c4a                strnlen_P
 .text.avr-libc
                0x00005c60       0x16 c:/program files (x86)/atmel/studio/7.0/toolchain/avr8/avr8-gnu-toolchain/bin/../lib/gcc/avr/5.4.0/../../../../avr/lib/avr6\libc.a(strnlen.o)
                0x00005c60                strnlen
 .text.avr-libc
                0x00005c76       0x78 c:/program files (x86)/atmel/studio/7.0/toolchain/avr8/avr8-gnu-toolchain/bin/../lib/gcc/avr/5.4.0/../../../../avr/lib/avr6\libc.a(fputc.o)
                0x00005c76                fputc
 .text.avr-libc
                0x00005cee       0xbc c:/program files (x86)/atmel/studio/7.0/toolchain/avr8/avr8-gnu-toolchain/bin/../lib/gcc/avr/5.4.0/../../../../avr/lib/avr6\libc.a(ultoa_invert.o)
                0x00005cee                __ultoa_invert
                0x00005daa                . = ALIGN (0x2)
 *(.fini9)
 .fini9         0x00005daa        0x0 c:/program files (x86)/atmel/studio/7.0/toolchain/avr8/avr8-gnu-toolchain/bin/../lib/gcc/avr/5.4.0/avr6\libgcc.a(_exit.o)
                0x00005daa                _exit
                0x00005daa                exit
 *(.fini9)
 *(.fini8)
 *(.fini8)
 *(.fini7)
 *(.fini7)
 *(.fini6)
 *(.fini6)
 *(.fini5)
 *(.fini5)
 *(.fini4)
 *(.fini4)
 *(.fini3)
 *(.fini3)
 *(.fini2)
 *(.fini2)
 *(.fini1)
 *(.fini1)
 *(.fini0)
 .fini0         0x00005daa        0x4 c:/program files (x86)/atmel/studio/7.0/toolchain/avr8/avr8-gnu-toolchain/bin/../lib/gcc/avr/5.4.0/avr6\libgcc.a(_exit.o)
 *(.fini0)
                0x00005dae                _etext = .

.data           0x00800200      0x576 load address 0x00005dae
                0x00800200                PROVIDE (__data_start, .)
 *(.data)
 .data          0x00800200        0x6 c:/program files (x86)/atmel/studio/7.0/toolchain/avr8/avr8-gnu-toolchain/bin/../lib/gcc/avr/5.4.0/../../../../avr/lib/avr6\libc.a(malloc.o)
                0x00800200                __malloc_heap_end
                0x00800202                __malloc_heap_start
                0x00800204                __malloc_margin
 *(.data*)
 .data.uxTopUsedPriority
                0x00800206        0x1 FreeRTOS/src/tasks.o
                0x00800206                uxTopUsedPriority
 .data._temp    0x00800207        0x2 ../drivers\libIoTlibrary.a(hih8120.o)
 .data._hum     0x00800209        0x2 ../drivers\libIoTlibrary.a(hih8120.o)
 .data._com_port_2_udr
                0x0080020b        0x8 ../drivers\libIoTlibrary.a(serial.o)
                0x0080020b                _com_port_2_udr
 .data.mystdout.1882
                0x00800213        0xe ../drivers\libIoTlibrary.a(stdio_driver.o)
 .data._twiCurrentState
                0x00800221        0x1 ../drivers\libIoTlibrary.a(twi.o)
 *(.gnu.linkonce.d*)
 *(.rodata)
 .rodata        0x00800222       0x20 ../drivers\libIoTlibrary.a(lora_driver.o)
 .rodata        0x00800242       0x2d ../drivers\libIoTlibrary.a(mh_z19.o)
 *(.rodata*)
 .rodata.str1.1
                0x0080026f        0xd CO2HandlerImpl.o
 .rodata.str1.1
                0x0080027c        0x5 FreeRTOS/src/tasks.o
 .rodata.str1.1
                0x00800281        0x8 FreeRTOS/src/timers.o
 .rodata.str1.1
                0x00800289       0x2b SharedDataQueueImpl.o
 .rodata.str1.1
                0x008002b4       0x45 TaskHandlerImpl.o
                                 0x4e (size before relaxing)
 .rodata.str1.1
                0x008002f9       0x21 TempHumHandler.o
 .rodata.str1.1
                0x0080031a      0x176 LoRaWANHandlerImpl.o
 .rodata.str1.1
                0x00800490       0x12 main.o
 .rodata.str1.1
                0x008004a2      0x295 ../drivers\libIoTlibrary.a(lora_driver.o)
                                0x2a5 (size before relaxing)
 .rodata._joinMode
                0x00800737        0x4 ../drivers\libIoTlibrary.a(lora_driver.o)
 .rodata._returnCode
                0x0080073b       0x33 ../drivers\libIoTlibrary.a(lora_driver.o)
                0x0080073b                _returnCode
 .rodata.str1.1
                0x0080076e        0x8 ../drivers\libIoTlibrary.a(status_leds.o)
 *(.gnu.linkonce.r*)
                0x00800776                . = ALIGN (0x2)
                0x00800776                _edata = .
                0x00800776                PROVIDE (__data_end, .)

.bss            0x00800776      0xc4a
                0x00800776                PROVIDE (__bss_start, .)
 *(.bss)
 *(.bss*)
 .bss.xBlockAllocatedBit
                0x00800776        0x2 FreeRTOS/src/heap_4.o
 .bss.xNumberOfSuccessfulFrees
                0x00800778        0x2 FreeRTOS/src/heap_4.o
 .bss.xNumberOfSuccessfulAllocations
                0x0080077a        0x2 FreeRTOS/src/heap_4.o
 .bss.xMinimumEverFreeBytesRemaining
                0x0080077c        0x2 FreeRTOS/src/heap_4.o
 .bss.xFreeBytesRemaining
                0x0080077e        0x2 FreeRTOS/src/heap_4.o
 .bss.pxEnd     0x00800780        0x2 FreeRTOS/src/heap_4.o
 .bss.xStart    0x00800782        0x4 FreeRTOS/src/heap_4.o
 .bss.ucHeap    0x00800786      0x9c4 FreeRTOS/src/heap_4.o
 .bss.uxSchedulerSuspended
                0x0080114a        0x1 FreeRTOS/src/tasks.o
 .bss.xIdleTaskHandle
                0x0080114b        0x2 FreeRTOS/src/tasks.o
 .bss.xNextTaskUnblockTime
                0x0080114d        0x4 FreeRTOS/src/tasks.o
 .bss.uxTaskNumber
                0x00801151        0x1 FreeRTOS/src/tasks.o
 .bss.xNumOfOverflows
                0x00801152        0x1 FreeRTOS/src/tasks.o
 .bss.xYieldPending
                0x00801153        0x1 FreeRTOS/src/tasks.o
 .bss.xPendedTicks
                0x00801154        0x4 FreeRTOS/src/tasks.o
 .bss.xSchedulerRunning
                0x00801158        0x1 FreeRTOS/src/tasks.o
 .bss.uxTopReadyPriority
                0x00801159        0x1 FreeRTOS/src/tasks.o
 .bss.xTickCount
                0x0080115a        0x4 FreeRTOS/src/tasks.o
 .bss.uxCurrentNumberOfTasks
                0x0080115e        0x1 FreeRTOS/src/tasks.o
 .bss.xSuspendedTaskList
                0x0080115f        0xb FreeRTOS/src/tasks.o
 .bss.uxDeletedTasksWaitingCleanUp
                0x0080116a        0x1 FreeRTOS/src/tasks.o
 .bss.xTasksWaitingTermination
                0x0080116b        0xb FreeRTOS/src/tasks.o
 .bss.xPendingReadyList
                0x00801176        0xb FreeRTOS/src/tasks.o
 .bss.pxOverflowDelayedTaskList
                0x00801181        0x2 FreeRTOS/src/tasks.o
 .bss.pxDelayedTaskList
                0x00801183        0x2 FreeRTOS/src/tasks.o
 .bss.xDelayedTaskList2
                0x00801185        0xb FreeRTOS/src/tasks.o
 .bss.xDelayedTaskList1
                0x00801190        0xb FreeRTOS/src/tasks.o
 .bss.pxReadyTasksLists
                0x0080119b       0x6e FreeRTOS/src/tasks.o
 .bss.pxCurrentTCB
                0x00801209        0x2 FreeRTOS/src/tasks.o
                0x00801209                pxCurrentTCB
 .bss.xLastTime.2436
                0x0080120b        0x4 FreeRTOS/src/timers.o
 .bss.xTimerTaskHandle
                0x0080120f        0x2 FreeRTOS/src/timers.o
 .bss.xTimerQueue
                0x00801211        0x2 FreeRTOS/src/timers.o
 .bss.pxOverflowTimerList
                0x00801213        0x2 FreeRTOS/src/timers.o
 .bss.pxCurrentTimerList
                0x00801215        0x2 FreeRTOS/src/timers.o
 .bss.xActiveTimerList2
                0x00801217        0xb FreeRTOS/src/timers.o
 .bss.xActiveTimerList1
                0x00801222        0xb FreeRTOS/src/timers.o
 .bss._uplink_payload
                0x0080122d       0x16 LoRaWANHandlerImpl.o
 .bss._measuringIsReady
                0x00801243        0x1 ../drivers\libIoTlibrary.a(hih8120.o)
 .bss._hih8120Handler
                0x00801244        0x2 ../drivers\libIoTlibrary.a(hih8120.o)
 .bss._tmp_buf.2871
                0x00801246       0x64 ../drivers\libIoTlibrary.a(lora_driver.o)
 .bss.rec_buf_inp.2878
                0x008012aa        0x1 ../drivers\libIoTlibrary.a(lora_driver.o)
 .bss._downlinkMessageBuffer
                0x008012ab        0x2 ../drivers\libIoTlibrary.a(lora_driver.o)
 .bss._serialReplyBufferHandle
                0x008012ad        0x2 ../drivers\libIoTlibrary.a(lora_driver.o)
 .bss._rn2483_serial
                0x008012af        0x2 ../drivers\libIoTlibrary.a(lora_driver.o)
 .bss._downlinkPayload
                0x008012b1       0x16 ../drivers\libIoTlibrary.a(lora_driver.o)
 .bss._payLoadHexBytes
                0x008012c7       0x15 ../drivers\libIoTlibrary.a(lora_driver.o)
 .bss._recMessageBuf
                0x008012dc       0x2d ../drivers\libIoTlibrary.a(lora_driver.o)
 .bss._sendMessage
                0x00801309       0x2d ../drivers\libIoTlibrary.a(lora_driver.o)
 .bss._replyMess
                0x00801336       0x2d ../drivers\libIoTlibrary.a(lora_driver.o)
 .bss.data.1944
                0x00801363        0x2 ../drivers\libIoTlibrary.a(mh_z19.o)
 .bss.inDex.1943
                0x00801365        0x1 ../drivers\libIoTlibrary.a(mh_z19.o)
 .bss.crc_sum.1945
                0x00801366        0x1 ../drivers\libIoTlibrary.a(mh_z19.o)
 .bss._appCallBack
                0x00801367        0x2 ../drivers\libIoTlibrary.a(mh_z19.o)
 .bss._mh_state
                0x00801369        0x1 ../drivers\libIoTlibrary.a(mh_z19.o)
                0x00801369                _mh_state
 .bss._ppm      0x0080136a        0x2 ../drivers\libIoTlibrary.a(mh_z19.o)
 .bss._serial   0x0080136c        0x2 ../drivers\libIoTlibrary.a(mh_z19.o)
 .bss._ser_handle
                0x0080136e        0x8 ../drivers\libIoTlibrary.a(serial.o)
 .bss._com_serial_instance
                0x00801376        0x2 ../drivers\libIoTlibrary.a(stdio_driver.o)
 .bss._led_status
                0x00801378       0x18 ../drivers\libIoTlibrary.a(status_leds.o)
 .bss._index.1885
                0x00801390        0x1 ../drivers\libIoTlibrary.a(twi.o)
 .bss._twiCurrentHandler
                0x00801391        0x2 ../drivers\libIoTlibrary.a(twi.o)
 .bss._twiMessageLen
                0x00801393        0x1 ../drivers\libIoTlibrary.a(twi.o)
 .bss._twiMessageBuffer
                0x00801394        0xa ../drivers\libIoTlibrary.a(twi.o)
 .bss._twiIsInitiated
                0x0080139e        0x1 ../drivers\libIoTlibrary.a(twi.o)
 *(COMMON)
 COMMON         0x0080139f        0x2 CO2HandlerImpl.o
                0x0080139f                xQueueCO2
 COMMON         0x008013a1       0x11 SharedDataQueueImpl.o
                0x008013a1                xStatus
                0x008013a2                enqueueSharedData2
                0x008013a8                xQueueShared
                0x008013aa                receiveSharedData
                0x008013b0                myDataQueue
 COMMON         0x008013b2        0x4 TempHumHandler.o
                0x008013b2                xQueueHum
                0x008013b4                xQueueTemp
 COMMON         0x008013b6        0x4 c:/program files (x86)/atmel/studio/7.0/toolchain/avr8/avr8-gnu-toolchain/bin/../lib/gcc/avr/5.4.0/../../../../avr/lib/avr6\libc.a(malloc.o)
                0x008013b6                __brkval
                0x008013b8                __flp
 COMMON         0x008013ba        0x6 c:/program files (x86)/atmel/studio/7.0/toolchain/avr8/avr8-gnu-toolchain/bin/../lib/gcc/avr/5.4.0/../../../../avr/lib/avr6\libc.a(iob.o)
                0x008013ba                __iob
                0x008013c0                PROVIDE (__bss_end, .)
                0x00005dae                __data_load_start = LOADADDR (.data)
                0x00006324                __data_load_end = (__data_load_start + SIZEOF (.data))

.noinit         0x008013c0        0x0
                [!provide]                PROVIDE (__noinit_start, .)
 *(.noinit*)
                [!provide]                PROVIDE (__noinit_end, .)
                0x008013c0                _end = .
                0x008013c0                PROVIDE (__heap_start, .)

.eeprom         0x00810000        0x0
 *(.eeprom*)
                0x00810000                __eeprom_end = .

.fuse
 *(.fuse)
 *(.lfuse)
 *(.hfuse)
 *(.efuse)

.lock
 *(.lock*)

.signature
 *(.signature*)

.user_signatures
 *(.user_signatures*)

.stab
 *(.stab)

.stabstr
 *(.stabstr)

.stab.excl
 *(.stab.excl)

.stab.exclstr
 *(.stab.exclstr)

.stab.index
 *(.stab.index)

.stab.indexstr
 *(.stab.indexstr)

.comment        0x00000000       0x5c
 *(.comment)
 .comment       0x00000000       0x30 CO2HandlerImpl.o
                                 0x31 (size before relaxing)
 .comment       0x00000030       0x31 FreeRTOS/src/heap_4.o
 .comment       0x00000030       0x31 FreeRTOS/src/list.o
 .comment       0x00000030       0x31 FreeRTOS/src/port.o
 .comment       0x00000030       0x31 FreeRTOS/src/queue.o
 .comment       0x00000030       0x31 FreeRTOS/src/stream_buffer.o
 .comment       0x00000030       0x31 FreeRTOS/src/tasks.o
 .comment       0x00000030       0x31 FreeRTOS/src/timers.o
 .comment       0x00000030       0x31 FreeRTOS/src/variantHooks.o
 .comment       0x00000030       0x31 SharedDataQueueImpl.o
 .comment       0x00000030       0x31 TaskHandlerImpl.o
 .comment       0x00000030       0x31 TempHumHandler.o
 .comment       0x00000030       0x31 LoRaWANHandlerImpl.o
 .comment       0x00000030       0x31 main.o
 .comment       0x00000030       0x31 ../drivers\libIoTlibrary.a(hih8120.o)
 .comment       0x00000030       0x31 ../drivers\libIoTlibrary.a(lora_driver.o)
 .comment       0x00000030       0x31 ../drivers\libIoTlibrary.a(lora_driver_utils.o)
 .comment       0x00000030       0x31 ../drivers\libIoTlibrary.a(mh_z19.o)
 .comment       0x00000030       0x31 ../drivers\libIoTlibrary.a(serial.o)
 .comment       0x00000030       0x31 ../drivers\libIoTlibrary.a(stdio_driver.o)
 .comment       0x00000030       0x31 ../drivers\libIoTlibrary.a(status_leds.o)
 .comment       0x00000030       0x31 ../drivers\libIoTlibrary.a(twi.o)
 .comment       0x00000030       0x31 ../drivers\libIoTlibrary.a(fifo.o)
 .comment       0x00000030       0x31 c:/program files (x86)/atmel/studio/7.0/toolchain/avr8/avr8-gnu-toolchain/bin/../lib/gcc/avr/5.4.0/../../../../avr/lib/avr6\libc.a(calloc.o)
 .comment       0x00000030       0x31 c:/program files (x86)/atmel/studio/7.0/toolchain/avr8/avr8-gnu-toolchain/bin/../lib/gcc/avr/5.4.0/../../../../avr/lib/avr6\libc.a(malloc.o)
 .comment       0x00000030       0x31 c:/program files (x86)/atmel/studio/7.0/toolchain/avr8/avr8-gnu-toolchain/bin/../lib/gcc/avr/5.4.0/../../../../avr/lib/avr6\libc.a(iob.o)
 .comment       0x00000030       0x31 c:/program files (x86)/atmel/studio/7.0/toolchain/avr8/avr8-gnu-toolchain/bin/../lib/gcc/avr/5.4.0/../../../../avr/lib/avr6\libc.a(printf.o)
 .comment       0x00000030       0x31 c:/program files (x86)/atmel/studio/7.0/toolchain/avr8/avr8-gnu-toolchain/bin/../lib/gcc/avr/5.4.0/../../../../avr/lib/avr6\libc.a(puts.o)
 .comment       0x00000030       0x31 c:/program files (x86)/atmel/studio/7.0/toolchain/avr8/avr8-gnu-toolchain/bin/../lib/gcc/avr/5.4.0/../../../../avr/lib/avr6\libc.a(sprintf.o)
 .comment       0x00000030       0x2c c:/program files (x86)/atmel/studio/7.0/toolchain/avr8/avr8-gnu-toolchain/bin/../lib/gcc/avr/5.4.0/../../../../avr/lib/avr6\libc.a(vfprintf_std.o)
                                 0x2d (size before relaxing)
 .comment       0x0000005c       0x31 c:/program files (x86)/atmel/studio/7.0/toolchain/avr8/avr8-gnu-toolchain/bin/../lib/gcc/avr/5.4.0/../../../../avr/lib/avr6\libc.a(fputc.o)

.note.gnu.avr.deviceinfo
                0x00000000       0x40
 .note.gnu.avr.deviceinfo
                0x00000000       0x40 C:/Program Files (x86)/Atmel/Studio/7.0/Packs/atmel/ATmega_DFP/1.6.364/gcc/dev/atmega2560/avr6/crtatmega2560.o

.note.gnu.build-id
 *(.note.gnu.build-id)

.debug
 *(.debug)

.line
 *(.line)

.debug_srcinfo
 *(.debug_srcinfo)

.debug_sfnames
 *(.debug_sfnames)

.debug_aranges  0x00000000      0xa88
 *(.debug_aranges)
 .debug_aranges
                0x00000000       0x38 CO2HandlerImpl.o
 .debug_aranges
                0x00000038       0x58 FreeRTOS/src/heap_4.o
 .debug_aranges
                0x00000090       0x40 FreeRTOS/src/list.o
 .debug_aranges
                0x000000d0       0x58 FreeRTOS/src/port.o
 .debug_aranges
                0x00000128       0xf8 FreeRTOS/src/queue.o
 .debug_aranges
                0x00000220       0xc0 FreeRTOS/src/stream_buffer.o
 .debug_aranges
                0x000002e0      0x1d0 FreeRTOS/src/tasks.o
 .debug_aranges
                0x000004b0       0xc8 FreeRTOS/src/timers.o
 .debug_aranges
                0x00000578       0x40 FreeRTOS/src/variantHooks.o
 .debug_aranges
                0x000005b8       0x30 SharedDataQueueImpl.o
 .debug_aranges
                0x000005e8       0x40 TaskHandlerImpl.o
 .debug_aranges
                0x00000628       0x48 TempHumHandler.o
 .debug_aranges
                0x00000670       0x30 LoRaWANHandlerImpl.o
 .debug_aranges
                0x000006a0       0x28 main.o
 .debug_aranges
                0x000006c8       0x68 ../drivers\libIoTlibrary.a(hih8120.o)
 .debug_aranges
                0x00000730      0x138 ../drivers\libIoTlibrary.a(lora_driver.o)
 .debug_aranges
                0x00000868       0x28 ../drivers\libIoTlibrary.a(lora_driver_utils.o)
 .debug_aranges
                0x00000890       0x58 ../drivers\libIoTlibrary.a(mh_z19.o)
 .debug_aranges
                0x000008e8       0x90 ../drivers\libIoTlibrary.a(serial.o)
 .debug_aranges
                0x00000978       0x38 ../drivers\libIoTlibrary.a(stdio_driver.o)
 .debug_aranges
                0x000009b0       0x68 ../drivers\libIoTlibrary.a(status_leds.o)
 .debug_aranges
                0x00000a18       0x50 ../drivers\libIoTlibrary.a(twi.o)
 .debug_aranges
                0x00000a68       0x20 ../drivers\libIoTlibrary.a(fifo.o)

.debug_pubnames
 *(.debug_pubnames)

.debug_info     0x00000000     0xd060
 *(.debug_info .gnu.linkonce.wi.*)
 .debug_info    0x00000000      0xbbc C:/Program Files (x86)/Atmel/Studio/7.0/Packs/atmel/ATmega_DFP/1.6.364/gcc/dev/atmega2560/avr6/crtatmega2560.o
 .debug_info    0x00000bbc      0x29e CO2HandlerImpl.o
 .debug_info    0x00000e5a      0x4e6 FreeRTOS/src/heap_4.o
 .debug_info    0x00001340      0x2e7 FreeRTOS/src/list.o
 .debug_info    0x00001627      0x2ff FreeRTOS/src/port.o
 .debug_info    0x00001926     0x17e6 FreeRTOS/src/queue.o
 .debug_info    0x0000310c     0x13df FreeRTOS/src/stream_buffer.o
 .debug_info    0x000044eb     0x2239 FreeRTOS/src/tasks.o
 .debug_info    0x00006724     0x10dd FreeRTOS/src/timers.o
 .debug_info    0x00007801      0x20f FreeRTOS/src/variantHooks.o
 .debug_info    0x00007a10      0x3ad SharedDataQueueImpl.o
 .debug_info    0x00007dbd      0x4ae TaskHandlerImpl.o
 .debug_info    0x0000826b      0x46d TempHumHandler.o
 .debug_info    0x000086d8      0x77b LoRaWANHandlerImpl.o
 .debug_info    0x00008e53      0x2c7 main.o
 .debug_info    0x0000911a      0x3a9 ../drivers\libIoTlibrary.a(hih8120.o)
 .debug_info    0x000094c3     0x1747 ../drivers\libIoTlibrary.a(lora_driver.o)
 .debug_info    0x0000ac0a      0x143 ../drivers\libIoTlibrary.a(lora_driver_utils.o)
 .debug_info    0x0000ad4d      0x556 ../drivers\libIoTlibrary.a(mh_z19.o)
 .debug_info    0x0000b2a3      0xddb ../drivers\libIoTlibrary.a(serial.o)
 .debug_info    0x0000c07e      0x3b6 ../drivers\libIoTlibrary.a(stdio_driver.o)
 .debug_info    0x0000c434      0x50c ../drivers\libIoTlibrary.a(status_leds.o)
 .debug_info    0x0000c940      0x55d ../drivers\libIoTlibrary.a(twi.o)
 .debug_info    0x0000ce9d      0x1c3 ../drivers\libIoTlibrary.a(fifo.o)

.debug_abbrev   0x00000000     0x3460
 *(.debug_abbrev)
 .debug_abbrev  0x00000000      0xb1a C:/Program Files (x86)/Atmel/Studio/7.0/Packs/atmel/ATmega_DFP/1.6.364/gcc/dev/atmega2560/avr6/crtatmega2560.o
 .debug_abbrev  0x00000b1a      0x140 CO2HandlerImpl.o
 .debug_abbrev  0x00000c5a      0x200 FreeRTOS/src/heap_4.o
 .debug_abbrev  0x00000e5a       0xff FreeRTOS/src/list.o
 .debug_abbrev  0x00000f59      0x179 FreeRTOS/src/port.o
 .debug_abbrev  0x000010d2      0x241 FreeRTOS/src/queue.o
 .debug_abbrev  0x00001313      0x246 FreeRTOS/src/stream_buffer.o
 .debug_abbrev  0x00001559      0x2c8 FreeRTOS/src/tasks.o
 .debug_abbrev  0x00001821      0x28c FreeRTOS/src/timers.o
 .debug_abbrev  0x00001aad       0xff FreeRTOS/src/variantHooks.o
 .debug_abbrev  0x00001bac      0x169 SharedDataQueueImpl.o
 .debug_abbrev  0x00001d15      0x166 TaskHandlerImpl.o
 .debug_abbrev  0x00001e7b      0x18e TempHumHandler.o
 .debug_abbrev  0x00002009      0x1b1 LoRaWANHandlerImpl.o
 .debug_abbrev  0x000021ba      0x11c main.o
 .debug_abbrev  0x000022d6      0x184 ../drivers\libIoTlibrary.a(hih8120.o)
 .debug_abbrev  0x0000245a      0x33b ../drivers\libIoTlibrary.a(lora_driver.o)
 .debug_abbrev  0x00002795       0xc0 ../drivers\libIoTlibrary.a(lora_driver_utils.o)
 .debug_abbrev  0x00002855      0x238 ../drivers\libIoTlibrary.a(mh_z19.o)
 .debug_abbrev  0x00002a8d      0x34a ../drivers\libIoTlibrary.a(serial.o)
 .debug_abbrev  0x00002dd7      0x1b3 ../drivers\libIoTlibrary.a(stdio_driver.o)
 .debug_abbrev  0x00002f8a      0x1d7 ../drivers\libIoTlibrary.a(status_leds.o)
 .debug_abbrev  0x00003161      0x217 ../drivers\libIoTlibrary.a(twi.o)
 .debug_abbrev  0x00003378       0xe8 ../drivers\libIoTlibrary.a(fifo.o)

.debug_line     0x00000000     0x66b9
 *(.debug_line .debug_line.* .debug_line_end)
 .debug_line    0x00000000      0x1fa C:/Program Files (x86)/Atmel/Studio/7.0/Packs/atmel/ATmega_DFP/1.6.364/gcc/dev/atmega2560/avr6/crtatmega2560.o
 .debug_line    0x000001fa      0x157 CO2HandlerImpl.o
 .debug_line    0x00000351      0x41f FreeRTOS/src/heap_4.o
 .debug_line    0x00000770      0x1db FreeRTOS/src/list.o
 .debug_line    0x0000094b      0x28a FreeRTOS/src/port.o
 .debug_line    0x00000bd5      0xbe3 FreeRTOS/src/queue.o
 .debug_line    0x000017b8      0x79a FreeRTOS/src/stream_buffer.o
 .debug_line    0x00001f52     0x15ba FreeRTOS/src/tasks.o
 .debug_line    0x0000350c      0x624 FreeRTOS/src/timers.o
 .debug_line    0x00003b30      0x1af FreeRTOS/src/variantHooks.o
 .debug_line    0x00003cdf      0x1aa SharedDataQueueImpl.o
 .debug_line    0x00003e89      0x1ef TaskHandlerImpl.o
 .debug_line    0x00004078      0x1d0 TempHumHandler.o
 .debug_line    0x00004248      0x23d LoRaWANHandlerImpl.o
 .debug_line    0x00004485      0x266 main.o
 .debug_line    0x000046eb      0x24a ../drivers\libIoTlibrary.a(hih8120.o)
 .debug_line    0x00004935      0x9aa ../drivers\libIoTlibrary.a(lora_driver.o)
 .debug_line    0x000052df      0x195 ../drivers\libIoTlibrary.a(lora_driver_utils.o)
 .debug_line    0x00005474      0x2fc ../drivers\libIoTlibrary.a(mh_z19.o)
 .debug_line    0x00005770      0x6a0 ../drivers\libIoTlibrary.a(serial.o)
 .debug_line    0x00005e10      0x146 ../drivers\libIoTlibrary.a(stdio_driver.o)
 .debug_line    0x00005f56      0x32c ../drivers\libIoTlibrary.a(status_leds.o)
 .debug_line    0x00006282      0x31c ../drivers\libIoTlibrary.a(twi.o)
 .debug_line    0x0000659e      0x11b ../drivers\libIoTlibrary.a(fifo.o)

.debug_frame    0x00000000     0x2580
 *(.debug_frame)
 .debug_frame   0x00000000       0x7c CO2HandlerImpl.o
 .debug_frame   0x0000007c       0xfc FreeRTOS/src/heap_4.o
 .debug_frame   0x00000178       0x90 FreeRTOS/src/list.o
 .debug_frame   0x00000208       0x94 FreeRTOS/src/port.o
 .debug_frame   0x0000029c      0x3a4 FreeRTOS/src/queue.o
 .debug_frame   0x00000640      0x40c FreeRTOS/src/stream_buffer.o
 .debug_frame   0x00000a4c      0x7a0 FreeRTOS/src/tasks.o
 .debug_frame   0x000011ec      0x3ac FreeRTOS/src/timers.o
 .debug_frame   0x00001598       0x64 FreeRTOS/src/variantHooks.o
 .debug_frame   0x000015fc       0x74 SharedDataQueueImpl.o
 .debug_frame   0x00001670       0xa4 TaskHandlerImpl.o
 .debug_frame   0x00001714       0xfc TempHumHandler.o
 .debug_frame   0x00001810       0x80 LoRaWANHandlerImpl.o
 .debug_frame   0x00001890       0x34 main.o
 .debug_frame   0x000018c4       0xc0 ../drivers\libIoTlibrary.a(hih8120.o)
 .debug_frame   0x00001984      0x460 ../drivers\libIoTlibrary.a(lora_driver.o)
 .debug_frame   0x00001de4       0x48 ../drivers\libIoTlibrary.a(lora_driver_utils.o)
 .debug_frame   0x00001e2c      0x100 ../drivers\libIoTlibrary.a(mh_z19.o)
 .debug_frame   0x00001f2c      0x384 ../drivers\libIoTlibrary.a(serial.o)
 .debug_frame   0x000022b0       0x94 ../drivers\libIoTlibrary.a(stdio_driver.o)
 .debug_frame   0x00002344       0xec ../drivers\libIoTlibrary.a(status_leds.o)
 .debug_frame   0x00002430      0x12c ../drivers\libIoTlibrary.a(twi.o)
 .debug_frame   0x0000255c       0x24 ../drivers\libIoTlibrary.a(fifo.o)

.debug_str      0x00000000     0x3fbc
 *(.debug_str)
 .debug_str     0x00000000      0x3e6 C:/Program Files (x86)/Atmel/Studio/7.0/Packs/atmel/ATmega_DFP/1.6.364/gcc/dev/atmega2560/avr6/crtatmega2560.o
 .debug_str     0x000003e6      0x2b4 CO2HandlerImpl.o
                                0x304 (size before relaxing)
 .debug_str     0x0000069a      0x304 FreeRTOS/src/heap_4.o
                                0x4b4 (size before relaxing)
 .debug_str     0x0000099e      0x135 FreeRTOS/src/list.o
                                0x2f0 (size before relaxing)
 .debug_str     0x00000ad3      0x165 FreeRTOS/src/port.o
                                0x325 (size before relaxing)
 .debug_str     0x00000c38      0x625 FreeRTOS/src/queue.o
                                0x964 (size before relaxing)
 .debug_str     0x0000125d      0x4ed FreeRTOS/src/stream_buffer.o
                                0x7ed (size before relaxing)
 .debug_str     0x0000174a      0x941 FreeRTOS/src/tasks.o
                                0xf85 (size before relaxing)
 .debug_str     0x0000208b      0x414 FreeRTOS/src/timers.o
                                0x85b (size before relaxing)
 .debug_str     0x0000249f       0x81 FreeRTOS/src/variantHooks.o
                                0x29c (size before relaxing)
 .debug_str     0x00002520      0x10d SharedDataQueueImpl.o
                                0x37c (size before relaxing)
 .debug_str     0x0000262d       0x85 TaskHandlerImpl.o
                                0x309 (size before relaxing)
 .debug_str     0x000026b2      0x119 TempHumHandler.o
                                0x3c3 (size before relaxing)
 .debug_str     0x000027cb      0x46c LoRaWANHandlerImpl.o
                                0x699 (size before relaxing)
 .debug_str     0x00002c37       0xe4 main.o
                                0x325 (size before relaxing)
 .debug_str     0x00002d1b      0x303 ../drivers\libIoTlibrary.a(hih8120.o)
                                0x45c (size before relaxing)
 .debug_str     0x0000301e      0x68f ../drivers\libIoTlibrary.a(lora_driver.o)
                                0xcdb (size before relaxing)
 .debug_str     0x000036ad       0x4f ../drivers\libIoTlibrary.a(lora_driver_utils.o)
                                0x206 (size before relaxing)
 .debug_str     0x000036fc      0x117 ../drivers\libIoTlibrary.a(mh_z19.o)
                                0x489 (size before relaxing)
 .debug_str     0x00003813      0x2ee ../drivers\libIoTlibrary.a(serial.o)
                                0x62f (size before relaxing)
 .debug_str     0x00003b01       0xa6 ../drivers\libIoTlibrary.a(stdio_driver.o)
                                0x37d (size before relaxing)
 .debug_str     0x00003ba7      0x104 ../drivers\libIoTlibrary.a(status_leds.o)
                                0x36d (size before relaxing)
 .debug_str     0x00003cab      0x2ef ../drivers\libIoTlibrary.a(twi.o)
                                0x5b4 (size before relaxing)
 .debug_str     0x00003f9a       0x22 ../drivers\libIoTlibrary.a(fifo.o)
                                0x239 (size before relaxing)

.debug_loc      0x00000000     0xb719
 *(.debug_loc)
 .debug_loc     0x00000000       0xf9 CO2HandlerImpl.o
 .debug_loc     0x000000f9      0x4be FreeRTOS/src/heap_4.o
 .debug_loc     0x000005b7      0x17d FreeRTOS/src/list.o
 .debug_loc     0x00000734       0xf6 FreeRTOS/src/port.o
 .debug_loc     0x0000082a     0x1abd FreeRTOS/src/queue.o
 .debug_loc     0x000022e7     0x1daf FreeRTOS/src/stream_buffer.o
 .debug_loc     0x00004096     0x2a07 FreeRTOS/src/tasks.o
 .debug_loc     0x00006a9d     0x10f3 FreeRTOS/src/timers.o
 .debug_loc     0x00007b90       0xdc FreeRTOS/src/variantHooks.o
 .debug_loc     0x00007c6c       0xde SharedDataQueueImpl.o
 .debug_loc     0x00007d4a      0x185 TaskHandlerImpl.o
 .debug_loc     0x00007ecf      0x296 TempHumHandler.o
 .debug_loc     0x00008165      0x174 LoRaWANHandlerImpl.o
 .debug_loc     0x000082d9       0x9f ../drivers\libIoTlibrary.a(hih8120.o)
 .debug_loc     0x00008378     0x1216 ../drivers\libIoTlibrary.a(lora_driver.o)
 .debug_loc     0x0000958e      0x1d2 ../drivers\libIoTlibrary.a(lora_driver_utils.o)
 .debug_loc     0x00009760      0x37c ../drivers\libIoTlibrary.a(mh_z19.o)
 .debug_loc     0x00009adc     0x114c ../drivers\libIoTlibrary.a(serial.o)
 .debug_loc     0x0000ac28      0x18c ../drivers\libIoTlibrary.a(stdio_driver.o)
 .debug_loc     0x0000adb4      0x292 ../drivers\libIoTlibrary.a(status_leds.o)
 .debug_loc     0x0000b046      0x575 ../drivers\libIoTlibrary.a(twi.o)
 .debug_loc     0x0000b5bb      0x15e ../drivers\libIoTlibrary.a(fifo.o)

.debug_macinfo
 *(.debug_macinfo)

.debug_weaknames
 *(.debug_weaknames)

.debug_funcnames
 *(.debug_funcnames)

.debug_typenames
 *(.debug_typenames)

.debug_varnames
 *(.debug_varnames)

.debug_pubtypes
 *(.debug_pubtypes)

.debug_ranges   0x00000000      0x9d0
 *(.debug_ranges)
 .debug_ranges  0x00000000       0x28 CO2HandlerImpl.o
 .debug_ranges  0x00000028       0x48 FreeRTOS/src/heap_4.o
 .debug_ranges  0x00000070       0x30 FreeRTOS/src/list.o
 .debug_ranges  0x000000a0       0x48 FreeRTOS/src/port.o
 .debug_ranges  0x000000e8      0x130 FreeRTOS/src/queue.o
 .debug_ranges  0x00000218       0xb0 FreeRTOS/src/stream_buffer.o
 .debug_ranges  0x000002c8      0x200 FreeRTOS/src/tasks.o
 .debug_ranges  0x000004c8       0xb8 FreeRTOS/src/timers.o
 .debug_ranges  0x00000580       0x30 FreeRTOS/src/variantHooks.o
 .debug_ranges  0x000005b0       0x20 SharedDataQueueImpl.o
 .debug_ranges  0x000005d0       0x30 TaskHandlerImpl.o
 .debug_ranges  0x00000600       0x38 TempHumHandler.o
 .debug_ranges  0x00000638       0x20 LoRaWANHandlerImpl.o
 .debug_ranges  0x00000658       0x18 main.o
 .debug_ranges  0x00000670       0x58 ../drivers\libIoTlibrary.a(hih8120.o)
 .debug_ranges  0x000006c8      0x128 ../drivers\libIoTlibrary.a(lora_driver.o)
 .debug_ranges  0x000007f0       0x30 ../drivers\libIoTlibrary.a(lora_driver_utils.o)
 .debug_ranges  0x00000820       0x48 ../drivers\libIoTlibrary.a(mh_z19.o)
 .debug_ranges  0x00000868       0x98 ../drivers\libIoTlibrary.a(serial.o)
 .debug_ranges  0x00000900       0x28 ../drivers\libIoTlibrary.a(stdio_driver.o)
 .debug_ranges  0x00000928       0x58 ../drivers\libIoTlibrary.a(status_leds.o)
 .debug_ranges  0x00000980       0x40 ../drivers\libIoTlibrary.a(twi.o)
 .debug_ranges  0x000009c0       0x10 ../drivers\libIoTlibrary.a(fifo.o)

.debug_macro
 *(.debug_macro)
OUTPUT(4.Semester2.elf elf32-avr)
LOAD linker stubs
